
> linkapp@0.1.0 build
> next build

Γû▓ Next.js 16.1.6 (Turbopack)
- Environments: .env.local

node.exe : ΓÜá The "middleware" file 
convention is deprecated. Please use 
"proxy" instead. Learn more: https://n
extjs.org/docs/messages/middleware-to-
proxy
At C:\Program Files\nodejs\npm.ps1:29 
char:3
+   & $NODE_EXE $NPM_CLI_JS $args
+   ~~~~~~~~~~~~~~~~~~~~~~~~~~~~~
    + CategoryInfo          : NotSpec 
   ified: (ΓÜá The "middle...leware-  
  to-proxy:String) [], RemoteExcept   
 ion
    + FullyQualifiedErrorId : NativeC 
   ommandError
 
  Creating an optimized production build ...
Γ£ô Compiled successfully in 6.1s
  Running TypeScript ...
  Collecting page data using 15 workers ...
  Generating static pages using 15 workers (0/6) ...
  Generating static pages using 15 workers (1/6) 
  Generating static pages using 15 workers (2/6) 
  Generating static pages using 15 workers (4/6) 
Γ£ô Generating static pages using 15 workers (6/6) in 892.2ms
  Finalizing page optimization ...

Route (app)
Γöî ╞Æ /
Γö£ ╞Æ /_not-found
Γö£ ╞Æ /api/link
Γöö ╞Æ /share


╞Æ Proxy (Middleware)

╞Æ  (Dynamic)  server-rendered on demand

